nohup: ignoring input
Args:
{'dataset_name': 'lcbv6',
 'model_size': '32b',
 'output_dir': './large32b_small4b_first_token_entropy_10_results',
 'repeat_num': 1,
 'score_method': 'first_token_entropy',
 'score_threshold': 10,
 'small_model_size': '4b',
 'token_budget': 8192}
Traceback (most recent call last):
  File "/home/jiayi_tian/GlimpRouter/src/main.py", line 170, in <module>
    main(args)
  File "/home/jiayi_tian/GlimpRouter/src/main.py", line 78, in main
    dataset, options = get_dataset(args.dataset_name)
                       ^^^^^^^^^^^^^^^^^^^^^^^^^^^^^^
  File "/home/jiayi_tian/GlimpRouter/src/main.py", line 47, in get_dataset
    dataset = load_dataset(
              ^^^^^^^^^^^^^
  File "/home/jiayi_tian/miniconda3/envs/specreason/lib/python3.12/site-packages/datasets/load.py", line 1488, in load_dataset
    builder_instance = load_dataset_builder(
                       ^^^^^^^^^^^^^^^^^^^^^
  File "/home/jiayi_tian/miniconda3/envs/specreason/lib/python3.12/site-packages/datasets/load.py", line 1133, in load_dataset_builder
    dataset_module = dataset_module_factory(
                     ^^^^^^^^^^^^^^^^^^^^^^^
  File "/home/jiayi_tian/miniconda3/envs/specreason/lib/python3.12/site-packages/datasets/load.py", line 915, in dataset_module_factory
    ).get_module()
      ^^^^^^^^^^^^
  File "/home/jiayi_tian/miniconda3/envs/specreason/lib/python3.12/site-packages/datasets/load.py", line 528, in get_module
    data_files = DataFilesDict.from_patterns(
                 ^^^^^^^^^^^^^^^^^^^^^^^^^^^^
  File "/home/jiayi_tian/miniconda3/envs/specreason/lib/python3.12/site-packages/datasets/data_files.py", line 708, in from_patterns
    else DataFilesList.from_patterns(
         ^^^^^^^^^^^^^^^^^^^^^^^^^^^^
  File "/home/jiayi_tian/miniconda3/envs/specreason/lib/python3.12/site-packages/datasets/data_files.py", line 601, in from_patterns
    resolve_pattern(
  File "/home/jiayi_tian/miniconda3/envs/specreason/lib/python3.12/site-packages/datasets/data_files.py", line 390, in resolve_pattern
    raise FileNotFoundError(error_msg)
FileNotFoundError: Unable to find '/home/jiayi_tian/GlimpRouter/src/data/test6.jsonl'
